Ôû▓ Next.js 16.2.1 (Turbopack)

  Creating an optimized production build ...
node.exe : Error: 
Cannot apply unknown 
utility class `group`
At line:1 char:1
+ & "C:\Program Files
\nodejs/node.exe" 
"C:\Program 
Files\nodejs/node_mo 
...
+ ~~~~~~~~~~~~~~~~~~~
~~~~~~~~~~~~~~~~~~~~~
~~~~~~~~~~~~~~~~~~~~~
~~~~~~~~
    + CategoryInfo   
           : NotSpe  
  cified: (Error:    
 Cannot a...y cla    
ss `group`:Strin    
g) [], RemoteExc    
eption
    + FullyQualified 
   ErrorId : Native  
  CommandError
 
    [2m[at 
onInvalidCandidate (C
:\Users\RAV3N\Downloa
ds\VIBE 
CODE\PETROLIA LIQUOR 
STORE\petrolia-liquor
-store\node_modules\t
ailwindcss\dist\lib.j
s:21:1511)][0m
    [2m[at Ee (C:\Us
ers\RAV3N\Downloads\V
IBE CODE\PETROLIA 
LIQUOR STORE\petrolia
-liquor-store\node_mo
dules\tailwindcss\dis
t\lib.js:16:36740)][
0m
    [2m[at C:\Users\
RAV3N\Downloads\VIBE 
CODE\PETROLIA LIQUOR 
STORE\petrolia-liquor
-store\node_modules\t
ailwindcss\dist\lib.j
s:21:355][0m
    [2m[at _r (C:\Us
ers\RAV3N\Downloads\V
IBE CODE\PETROLIA 
LIQUOR STORE\petrolia
-liquor-store\node_mo
dules\tailwindcss\dis
t\lib.js:3:1733)][0m
    [2m[at I (C:\Use
rs\RAV3N\Downloads\VI
BE CODE\PETROLIA 
LIQUOR STORE\petrolia
-liquor-store\node_mo
dules\tailwindcss\dis
t\lib.js:3:1377)][0m
    [2m[at Te (C:\Us
ers\RAV3N\Downloads\V
IBE CODE\PETROLIA 
LIQUOR STORE\petrolia
-liquor-store\node_mo
dules\tailwindcss\dis
t\lib.js:21:172)][0m
    [2m[at mn (C:\Us
ers\RAV3N\Downloads\V
IBE CODE\PETROLIA 
LIQUOR STORE\petrolia
-liquor-store\node_mo
dules\tailwindcss\dis
t\lib.js:38:294)][0m
    [2m[at async gn 
(C:\Users\RAV3N\Downl
oads\VIBE 
CODE\PETROLIA LIQUOR 
STORE\petrolia-liquor
-store\node_modules\t
ailwindcss\dist\lib.j
s:38:631)][0m
    [2m[at async Xr 
(C:\Users\RAV3N\Downl
oads\VIBE 
CODE\PETROLIA LIQUOR 
STORE\petrolia-liquor
-store\node_modules\@
tailwindcss\node\dist
\index.js:10:3416)][
0m
    [2m[at async N (
C:\Users\RAV3N\Downlo
ads\VIBE 
CODE\PETROLIA LIQUOR 
STORE\petrolia-liquor
-store\node_modules\@
tailwindcss\postcss\d
ist\index.js:10:3979)
][0m

> Build error 
occurred
Error: Turbopack 
build failed with 1 
errors:
./src/app/globals.css
Error evaluating 
Node.js code
CssSyntaxError: 
tailwindcss: C:\Users
\RAV3N\Downloads\VIBE
 CODE\PETROLIA 
LIQUOR STORE\petrolia
-liquor-store\src\app
\globals.css:1:1: 
Cannot apply unknown 
utility class `group`
    at Input.error (n
ode_modules/postcss/l
ib/input.js:135:16) [
C:\Users\RAV3N\Downlo
ads\VIBE 
CODE\PETROLIA LIQUOR 
STORE\petrolia-liquor
-store\.next\build\ch
unks\node_modules_13s
b.px._.js:4651:22]
    at error (node_mo
dules/postcss/lib/nod
e.js:146:32) [C:\User
s\RAV3N\Downloads\VIB
E CODE\PETROLIA 
LIQUOR STORE\petrolia
-liquor-store\.next\b
uild\chunks\node_modu
les_13sb.px._.js:928:
38]
    [at Object.Once (
C:\Users\RAV3N\Downlo
ads\VIBE 
CODE\PETROLIA LIQUOR 
STORE\petrolia-liquor
-store\node_modules\@
tailwindcss\postcss\d
ist\index.js:10:6913)
]
    at async 
LazyResult.runAsync (
node_modules/postcss/
lib/lazy-result.js:29
3:11) [C:\Users\RAV3N
\Downloads\VIBE 
CODE\PETROLIA LIQUOR 
STORE\petrolia-liquor
-store\.next\build\ch
unks\node_modules_13s
b.px._.js:6214:21]
    at async 
transform (turbopack:
///[turbopack-node]/t
ransforms/postcss.ts:
70:34) [C:\Users\RAV3
N\Downloads\VIBE 
CODE\PETROLIA LIQUOR 
STORE\petrolia-liquor
-store\.next\build\ch
unks\[root-of-the-ser
ver]__0d-m0h0._.js:14
6:36]
    at async run (tur
bopack:///[turbopack-
node]/child_process/e
valuate.ts:89:23) [C:
\Users\RAV3N\Download
s\VIBE CODE\PETROLIA 
LIQUOR STORE\petrolia
-liquor-store\.next\b
uild\chunks\[root-of-
the-server]__0ubbtyl.
_.js:443:31]

Import trace:
  Client Component 
Browser:
    ./src/app/globals
.css [Client 
Component Browser]
    
./src/app/layout.tsx 
[Server Component]


    at async 
transform (turbopack:
///[turbopack-node]/t
ransforms/postcss.ts:
70:34) [C:\Users\RAV3
N\Downloads\VIBE 
CODE\PETROLIA LIQUOR 
STORE\petrolia-liquor
-store\.next\build\ch
unks\[root-of-the-ser
ver]__0d-m0h0._.js:14
6:36])
    at async run (tur
bopack:///[turbopack-
node]/child_process/e
valuate.ts:89:23) [C:
\Users\RAV3N\Download
s\VIBE CODE\PETROLIA 
LIQUOR STORE\petrolia
-liquor-store\.next\b
uild\chunks\[root-of-
the-server]__0ubbtyl.
_.js:443:31])
