node.exe : Error: 
Cannot apply unknown 
utility class `group`
At line:1 char:1
+ & "C:\Program Files
\nodejs/node.exe" 
"C:\Program 
Files\nodejs/node_mo 
...
+ ~~~~~~~~~~~~~~~~~~~
~~~~~~~~~~~~~~~~~~~~~
~~~~~~~~~~~~~~~~~~~~~
~~~~~~~~
    + CategoryInfo   
           : NotSpe  
  cified: (Error:    
 Cannot a...y cla    
ss `group`:Strin    
g) [], RemoteExc    
eption
    + FullyQualified 
   ErrorId : Native  
  CommandError
 
    [2m[at 
onInvalidCandidate [
90m(C:\Users\RAV3N\Do
wnloads\VIBE 
CODE\PETROLIA LIQUOR 
STORE\petrolia-liquor
-store\[39mnode_modu
les\[4mtailwindcss[
24m\dist\lib.js:21:15
11][0m[90m)[39m
    [2m[at Ee [90m(
C:\Users\RAV3N\Downlo
ads\VIBE 
CODE\PETROLIA LIQUOR 
STORE\petrolia-liquor
-store\[39mnode_modu
les\[4mtailwindcss[
24m\dist\lib.js:16:36
740][0m[90m)[39m
    [2m[at [90mC:\U
sers\RAV3N\Downloads\
VIBE CODE\PETROLIA 
LIQUOR STORE\petrolia
-liquor-store\[39mno
de_modules\[4mtailwi
ndcss[24m\dist\lib.j
s:21:355][0m
    [2m[at _r [90m(
C:\Users\RAV3N\Downlo
ads\VIBE 
CODE\PETROLIA LIQUOR 
STORE\petrolia-liquor
-store\[39mnode_modu
les\[4mtailwindcss[
24m\dist\lib.js:3:173
3][0m[90m)[39m
    [2m[at I [90m(C
:\Users\RAV3N\Downloa
ds\VIBE 
CODE\PETROLIA LIQUOR 
STORE\petrolia-liquor
-store\[39mnode_modu
les\[4mtailwindcss[
24m\dist\lib.js:3:137
7][0m[90m)[39m
    [2m[at Te [90m(
C:\Users\RAV3N\Downlo
ads\VIBE 
CODE\PETROLIA LIQUOR 
STORE\petrolia-liquor
-store\[39mnode_modu
les\[4mtailwindcss[
24m\dist\lib.js:21:17
2][0m[90m)[39m
    [2m[at mn [90m(
C:\Users\RAV3N\Downlo
ads\VIBE 
CODE\PETROLIA LIQUOR 
STORE\petrolia-liquor
-store\[39mnode_modu
les\[4mtailwindcss[
24m\dist\lib.js:38:29
4][0m[90m)[39m
    [2m[at async gn 
[90m(C:\Users\RAV3N\
Downloads\VIBE 
CODE\PETROLIA LIQUOR 
STORE\petrolia-liquor
-store\[39mnode_modu
les\[4mtailwindcss[
24m\dist\lib.js:38:63
1][0m[90m)[39m
    [2m[at async Xr 
[90m(C:\Users\RAV3N\
Downloads\VIBE 
CODE\PETROLIA LIQUOR 
STORE\petrolia-liquor
-store\[39mnode_modu
les\[4m@tailwindcss\
node[24m\dist\index.
js:10:3416][0m[90m)
[39m
    [2m[at async N 
[90m(C:\Users\RAV3N\D
ownloads\VIBE 
CODE\PETROLIA LIQUOR 
STORE\petrolia-liquor
-store\[39mnode_modu
les\[4m@tailwindcss\
postcss[24m\dist\ind
ex.js:10:3979][0m[9
0m)[39m

> Build error 
occurred
Error: Turbopack 
build failed with 1 
errors:
./src/app/globals.css
Error evaluating 
Node.js code
CssSyntaxError: 
tailwindcss: C:\Users
\RAV3N\Downloads\VIBE
 CODE\PETROLIA 
LIQUOR STORE\petrolia
-liquor-store\src\app
\globals.css:1:1: 
Cannot apply unknown 
utility class `group`
    at Input.error (n
ode_modules/postcss/l
ib/input.js:135:16) [
C:\Users\RAV3N\Downlo
ads\VIBE 
CODE\PETROLIA LIQUOR 
STORE\petrolia-liquor
-store\.next\build\ch
unks\node_modules_13s
b.px._.js:4651:22]
    at error (node_mo
dules/postcss/lib/nod
e.js:146:32) [C:\User
s\RAV3N\Downloads\VIB
E CODE\PETROLIA 
LIQUOR STORE\petrolia
-liquor-store\.next\b
uild\chunks\node_modu
les_13sb.px._.js:928:
38]
    [at Object.Once (
C:\Users\RAV3N\Downlo
ads\VIBE 
CODE\PETROLIA LIQUOR 
STORE\petrolia-liquor
-store\node_modules\@
tailwindcss\postcss\d
ist\index.js:10:6913)
]
    at async 
LazyResult.runAsync (
node_modules/postcss/
lib/lazy-result.js:29
3:11) [C:\Users\RAV3N
\Downloads\VIBE 
CODE\PETROLIA LIQUOR 
STORE\petrolia-liquor
-store\.next\build\ch
unks\node_modules_13s
b.px._.js:6214:21]
    at async 
transform (turbopack:
///[turbopack-node]/t
ransforms/postcss.ts:
70:34) [C:\Users\RAV3
N\Downloads\VIBE 
CODE\PETROLIA LIQUOR 
STORE\petrolia-liquor
-store\.next\build\ch
unks\[root-of-the-ser
ver]__0d-m0h0._.js:14
6:36]
    at async run (tur
bopack:///[turbopack-
node]/child_process/e
valuate.ts:89:23) [C:
\Users\RAV3N\Download
s\VIBE CODE\PETROLIA 
LIQUOR STORE\petrolia
-liquor-store\.next\b
uild\chunks\[root-of-
the-server]__0ubbtyl.
_.js:443:31]

Import trace:
  Client Component 
Browser:
    ./src/app/globals
.css [Client 
Component Browser]
    
./src/app/layout.tsx 
[Server Component]


    at async 
transform (turbopack:
///[turbopack-node]/t
ransforms/postcss.ts:
70:34) [C:\Users\RAV3
N\Downloads\VIBE 
CODE\PETROLIA LIQUOR 
STORE\petrolia-liquor
-store\.next\build\ch
unks\[root-of-the-ser
ver]__0d-m0h0._.js:14
6:36])
    at async run (tur
bopack:///[turbopack-
node]/child_process/e
valuate.ts:89:23) [C:
\Users\RAV3N\Download
s\VIBE CODE\PETROLIA 
LIQUOR STORE\petrolia
-liquor-store\.next\b
uild\chunks\[root-of-
the-server]__0ubbtyl.
_.js:443:31])
